// Jest Snapshot v1, https://goo.gl/fbAQLP

exports[`matches snapshot 1`] = `
<DocumentFragment>
  <div
    class="card"
  >
    <div
      class="card-body"
    >
      <form
        class="NewAddItemForm"
      >
        <div
          class="form-group"
        >
          <label
            class=""
            for="NewAddItemForm-type"
          >
            Is this a Snack or Drink (pick one)?
          </label>
          <select
            class="form-control"
            id="NewAddItemForm-type"
            name="type"
          >
            <option
              value="snacks"
            >
              Snack
            </option>
            <option
              value="drinks"
            >
              Drink
            </option>
          </select>
        </div>
        <div
          class="form-group"
        >
          <label
            class=""
            for="NewAddItemForm-name"
          >
            Name
          </label>
          <input
            class="form-control"
            id="NewAddItemForm-name"
            name="name"
            required=""
            type="text"
            value=""
          />
        </div>
        <div
          class="form-group"
        >
          <label
            class=""
            for="NewAddItemForm-description"
          >
            Description
          </label>
          <input
            class="form-control"
            id="NewAddItemForm-description"
            name="description"
            required=""
            type="text"
            value=""
          />
        </div>
        <div
          class="form-group"
        >
          <label
            class=""
            for="NewAddItemForm-recipe"
          >
            Recipe
          </label>
          <input
            class="form-control"
            id="NewAddItemForm-recipe"
            name="recipe"
            required=""
            type="text"
            value=""
          />
        </div>
        <div
          class="form-group"
        >
          <label
            class=""
            for="NewAddItemForm-serve"
          >
            Serve
          </label>
          <input
            class="form-control"
            id="NewAddItemForm-serve"
            name="serve"
            required=""
            type="text"
            value=""
          />
        </div>
        <button
          class="NewAddItemForm-addBtn btn btn-secondary"
        >
          Add!
        </button>
      </form>
    </div>
  </div>
</DocumentFragment>
`;
